
> frontend@0.1.0 build
> react-scripts build

Creating an optimized production build...
Compiled with warnings.

[eslint] 
src\components\auth\RegisterForm.jsx
  Line 34:46:  Unnecessary escape character: \[  no-useless-escape
  Line 34:87:  Unnecessary escape character: \[  no-useless-escape

src\components\profile\MedecinProfilePrive.jsx
  Line 61:13:  'loadProfile' was used before it was defined  no-use-before-define

src\components\role-specific\medecin\MedecinQuickActions.jsx
  Line 7:11:  'user' is assigned a value but never used  no-unused-vars

src\components\role-specific\patient\PatientQuickActions.jsx
  Line 7:11:  'user' is assigned a value but never used  no-unused-vars

src\pages\Consultations\ConsultationsPage.jsx
  Line 11:10:  'getTokenPayload' is defined but never used  no-unused-vars

src\pages\dashboard\AdminDashboard.jsx
  Line 21:24:  'setSystemHealth' is assigned a value but never used  no-unused-vars

src\pages\medecinTraitant\RequestTraitantPage.jsx
  Line 7:3:    'cancelTraitantRequest' is defined but never used        no-unused-vars
  Line 25:10:  'activeMessageId' is assigned a value but never used     no-unused-vars
  Line 25:27:  'setActiveMessageId' is assigned a value but never used  no-unused-vars

src\pages\medecin\PatientsPage.jsx
  Line 34:6:  React Hook useEffect has a missing dependency: 'loadPatients'. Either include it or remove the dependency array  react-hooks/exhaustive-deps

src\pages\medical\VaccinationsPage.jsx
  Line 17:11:  'token' is assigned a value but never used  no-unused-vars

src\pages\medications\MedicationForm.jsx
  Line 70:11:  'result' is assigned a value but never used  no-unused-vars

src\pages\medications\MedicationsPage.jsx
  Line 80:7:  'formatHeure' is assigned a value but never used  no-unused-vars

src\services\authService.js
  Line 1:1:  Unexpected Unicode BOM (Byte Order Mark)  unicode-bom

src\services\documentService.js
  Line 1:1:  Unexpected Unicode BOM (Byte Order Mark)  unicode-bom

Search for the keywords to learn more about each warning.
To ignore, add // eslint-disable-next-line to the line before.

File sizes after gzip:

  147.82 kB  build\static\js\main.91cab8d7.js
  43.24 kB   build\static\css\main.f0c1c82e.css
  1.76 kB    build\static\js\453.670e15c7.chunk.js

The project was built assuming it is hosted at /.
You can control this with the homepage field in your package.json.

The build folder is ready to be deployed.
You may serve it with a static server:

  npm install -g serve
  serve -s build

Find out more about deployment here:

  https://cra.link/deployment

